
> control@0.1.0 build
> next build

▲ Next.js 16.2.6 (Turbopack)
- Environments: .env

  Creating an optimized production build ...
✓ Compiled successfully in 12.1s
  Running TypeScript ...
  Finished TypeScript in 5.8s ...
  Collecting page data using 11 workers ...
  Generating static pages using 11 workers (0/9) ...
  Generating static pages using 11 workers (2/9) 
  Generating static pages using 11 workers (4/9) 
  Generating static pages using 11 workers (6/9) 
✓ Generating static pages using 11 workers (9/9) in 267ms
  Finalizing page optimization ...

Route (app)
┌ ○ /
├ ○ /_not-found
├ ƒ /api/webhooks/clerk
├ ƒ /dashboard
├ ƒ /dashboard/invitations
├ ƒ /dashboard/my-tasks
├ ƒ /dashboard/workspace/[id]
├ ƒ /dashboard/workspace/[id]/task/[taskId]
├ ○ /dashboard/workspace/new
├ ƒ /sign-in/[[...sign-in]]
└ ƒ /sign-up/[[...sign-up]]


ƒ Proxy (Middleware)

○  (Static)   prerendered as static content
ƒ  (Dynamic)  server-rendered on demand

